#Taxon id: 1592096, Number of Contigs: 0, Successes: 0, GeneMarkS errors: 0, vector errors: 0, MetaGenemark errors: 0, Probuild errors: 0, reads below min length: 0 
